ngram,size,work,siglum,count,label
B,1,B,wit1,1,current
G,1,B,wit1,1,current
