ngram,size,work,siglum,count,label
EF,2,A,wit1,1,A
EF,2,D,wit1,1,D
EG,2,A,wit2,1,A
EG,2,D,wit2,1,D
