ngram,size,work,siglum,count,label
L,1,B,wit1,1,introduced
L,1,B,wit1,1,continued
L,1,C,wit1,1,continued
L,1,D,wit1,1,continued
L,1,E,wit1,1,continued
