ngram,size,work,siglum,count,label
B,1,B,wit1,1,current
L,1,B,wit1,1,current
