ngram,size,work,siglum,count,label
G,1,A,wit1,1,current
H,1,A,wit1,1,current
I,1,A,wit1,1,current
J,1,A,wit1,1,current
K,1,A,wit1,1,current
G,1,B,wit1,1,not current
H,1,B,wit1,1,not current
H,1,C,wit1,1,not current
I,1,B,wit1,1,not current
I,1,C,wit1,1,not current
I,1,D,wit1,1,not current
J,1,B,wit1,1,not current
J,1,C,wit1,1,not current
J,1,D,wit1,1,not current
J,1,E,wit1,1,not current
K,1,B,wit1,1,not current
K,1,C,wit1,1,not current
K,1,D,wit1,1,not current
K,1,E,wit1,1,not current
