ngram,size,work,siglum,count,label
A,1,A,wit1,1,current
F,1,A,wit1,1,current
