ngram,size,work,siglum,count,label
G,1,P1,wit1,1,P
G,1,C1,wit1,1,C
G,1,C1,wit2,1,C
