ngram,size,work,siglum,count,label
D,1,D,wit1,1,current
N,1,D,wit1,1,current
