ngram,size,work,siglum,count,label
D,1,A,wit1,1,A
D,1,A,wit2,1,A
D,1,C,wit1,1,C
D,1,C,wit2,1,C
E,1,A,wit1,1,A
E,1,A,wit2,1,A
E,1,C,wit1,1,C
E,1,C,wit2,1,C
F,1,A,wit1,1,A
F,1,C,wit1,1,C
G,1,A,wit2,1,A
G,1,C,wit1,1,C
G,1,C,wit2,1,C
