ngram,size,work,siglum,count,label
C,1,C,wit1,1,C
H,1,C,wit1,1,C
M,1,C,wit1,1,C
M,1,D,wit1,1,D
M,1,E,wit1,1,E
