ngram,size,work,siglum,count,label
N,1,D,wit1,1,introduced
N,1,D,wit1,1,continued
N,1,E,wit1,1,continued
