ngram,size,work,siglum,count,label
D,1,D,wit1,1,current
I,1,D,wit1,1,current
