ngram,size,work,siglum,count,label
B,1,A,wit1,1,A
B,1,A,wit2,1,A
B,1,B,wit1,1,B
B,1,B,wit2,1,B
C,1,A,wit1,1,A
C,1,A,wit2,1,A
C,1,B,wit1,1,B
C,1,B,wit2,1,B
D,1,A,wit1,1,A
D,1,A,wit2,1,A
D,1,B,wit1,1,B
D,1,B,wit2,1,B
E,1,A,wit1,1,A
E,1,A,wit2,1,A
E,1,B,wit1,1,B
E,1,B,wit2,1,B
F,1,A,wit1,1,A
F,1,B,wit1,1,B
G,1,A,wit2,1,A
G,1,B,wit1,1,B
G,1,B,wit2,1,B
