related_work,shared,unique,common
A,42.857142857142854,42.85714285714286,14.285714285714285
B,33.33333333333333,33.33333333333334,33.33333333333333
C,33.33333333333333,16.666666666666657,50.000000000000014
