related_work,shared,unique,common
B,33.33333333333333,50.0,16.66666666666667
A,28.57142857142857,71.42857142857143,0.0
D,25.0,37.5,37.5
