related_work,shared,unique,common
A,57.14285714285714,28.57142857142857,14.285714285714292
C,33.33333333333333,50.0,16.66666666666667
D,25.0,50.0,25.0
