related_work,shared,unique,common
B,66.66666666666666,0.0,33.33333333333334
D,37.5,37.5,25.0
C,33.33333333333333,50.0,16.66666666666667
