related_work,shared_related_work,shared_base_work
A,57.14285714285714,66.66666666666666
C,33.33333333333333,33.33333333333333
D,25.0,33.33333333333333
