related_work,shared_related_work,shared_base_work
B,33.33333333333333,33.33333333333333
A,28.57142857142857,33.33333333333333
D,25.0,33.33333333333333
