related_work,shared_related_work,shared_base_work
A,42.857142857142854,37.5
B,33.33333333333333,25.0
C,33.33333333333333,25.0
