related_work,shared_related_work,shared_base_work
B,66.66666666666666,57.14285714285714
D,37.5,42.857142857142854
C,33.33333333333333,28.57142857142857
