ngram,size,work,siglum,count,label
D,1,B,wit1,1,B
D,1,B,wit2,1,B
D,1,C,wit1,1,C
D,1,C,wit2,1,C
E,1,B,wit1,1,B
E,1,B,wit2,1,B
E,1,C,wit1,1,C
E,1,C,wit2,1,C
F,1,B,wit1,1,B
F,1,C,wit1,1,C
G,1,B,wit1,1,B
G,1,B,wit2,1,B
G,1,C,wit1,1,C
G,1,C,wit2,1,C
H,1,B,wit2,1,B
H,1,C,wit1,1,C
H,1,C,wit2,1,C
