ngram,size,work,siglum,count,label
M,1,C,wit1,1,introduced
M,1,C,wit1,1,continued
M,1,D,wit1,1,continued
M,1,E,wit1,1,continued
