ngram,size,work,siglum,count,label
C,1,C,wit1,1,current
H,1,C,wit1,1,current
