ngram,size,work,siglum,count,label
C,1,C,wit1,1,current
M,1,C,wit1,1,current
