ngram,size,work,siglum,count,label
D,1,C1,wit1,1,C
G,1,C1,wit1,1,C
J,1,C1,wit1,1,C
D,1,C1,wit2,1,C
G,1,C1,wit2,1,C
H,1,C1,wit2,1,C
I,1,C1,wit2,1,C
E,1,C2,wit1,1,C
H,1,C2,wit1,1,C
K,1,C2,wit1,1,C
F,1,C2,wit2,1,C
I,1,C2,wit2,1,C
L,1,C2,wit2,1,C
I,1,C3,wit1,1,C
J,1,C3,wit1,1,C
