ngram,size,work,siglum,count,label
A,1,P1,wit1,1,P
B,1,P2,wit1,1,P
C,1,P3,wit1,1,P
G,1,P1,wit1,1,P
H,1,P2,wit1,1,P
I,1,P3,wit1,1,P
